Radek
dodane
dośdane
dośdane
dośdane
